// Vitest Snapshot v1, https://vitest.dev/guide/snapshot.html

exports[`Calculator button > renders html correctly 1`] = `"<div class="btn"></div>"`;
